// Jest Snapshot v1, https://goo.gl/fbAQLP

exports[`testReducer returns initial state 1`] = `
Object {
  "foo": "INITIAL_STATE",
}
`;
