// Jest Snapshot v1, https://goo.gl/fbAQLP

exports[`globalReducer returns initial state 1`] = `Object {}`;
